../Core/Src/main.c:93:5:main	64	static
../Core/Src/main.c:205:6:SystemClock_Config	96	static
../Core/Src/main.c:250:13:MX_ADC_Init	24	static
../Core/Src/main.c:301:13:MX_TIM3_Init	32	static
../Core/Src/main.c:343:13:MX_USART1_UART_Init	8	static
../Core/Src/main.c:376:13:MX_USART2_UART_Init	8	static
../Core/Src/main.c:407:13:MX_DMA_Init	16	static
../Core/Src/main.c:424:13:MX_GPIO_Init	56	static
../Core/Src/main.c:469:6:HAL_UART_RxCpltCallback	16	static
../Core/Src/main.c:484:6:Error_Handler	8	static,ignoring_inline_asm
